// Jest Snapshot v1, https://goo.gl/fbAQLP

exports[`Header Component renders correct heading 1`] = `
<div>
  <nav
    class="header"
  >
    <h1>
      PageByPage
    </h1>
    <ul>
      <a
        class="routerLink"
        href="/"
      >
        <li>
          Home
        </li>
      </a>
      <a
        class="routerLink"
        href="/shop"
      >
        <li>
          Shop
        </li>
      </a>
      <a
        class="routerLink"
        href="/contact"
      >
        <li>
          Contact
        </li>
      </a>
      <li>
        <i
          aria-label="Abrir carrinho"
          class="fa-solid fa-cart-shopping"
          role="button"
          tabindex="-1"
        />
      </li>
    </ul>
  </nav>
</div>
`;
